// Jest Snapshot v1, https://goo.gl/fbAQLP

exports[`expect to render header component 1`] = `
<div
  className="header"
>
  <h1
    className="title text-center"
  />
</div>
`;
