// Jest Snapshot v1, https://goo.gl/fbAQLP

exports[`Home Page component expect to render Home component 1`] = `
<ContextProvider
  value={null}
>
  <Home
    getDailyDietGoals={[Function]}
    getFeaturedRecipeList={[Function]}
    store={
      Object {
        "clearActions": [Function],
        "dispatch": [Function],
        "getActions": [Function],
        "getState": [Function],
        "replaceReducer": [Function],
        "subscribe": [Function],
      }
    }
  />
</ContextProvider>
`;
